ESP-ROM:esp32s3-20210327
Build:Mar 27 2021
rst:0x15 (USB_UART_CHIP_RESET),boot:0x29 (SPI_FAST_FLASH_BOOT)
Saved PC:0x42008d1d
SPIWP:0xee
mode:DIO, clock div:1
load:0x3fce2810,len:0x178c
load:0x403c8700,len:0x4
load:0x403c8704,len:0xcb8
load:0x403cb700,len:0x2db0
entry 0x403c8914
[0;32mI (26) boot: ESP-IDF v5.3 2nd stage bootloader[0m
[0;32mI (27) boot: compile time Jan  1 2026 12:09:59[0m
[0;32mI (27) boot: Multicore bootloader[0m
[0;32mI (30) boot: chip revision: v0.2[0m
[0;32mI (33) boot.esp32s3: Boot SPI Speed : 80MHz[0m
[0;32mI (38) boot.esp32s3: SPI Mode       : DIO[0m
[0;32mI (43) boot.esp32s3: SPI Flash Size : 2MB[0m
[0;32mI (48) boot: Enabling RNG early entropy source...[0m
[0;32mI (53) boot: Partition Table:[0m
[0;32mI (57) boot: ## Label            Usage          Type ST Offset   Length[0m
[0;32mI (64) boot:  0 nvs              WiFi data        01 02 00009000 00006000[0m
[0;32mI (71) boot:  1 phy_init         RF data          01 01 0000f000 00001000[0m
[0;32mI (79) boot:  2 factory          factory app      00 00 00010000 00100000[0m
[0;32mI (86) boot: End of partition table[0m
[0;32mI (91) esp_image: segment 0: paddr=00010020 vaddr=3c020020 size=0fb30h ( 64304) map[0m
[0;32mI (111) esp_image: segment 1: paddr=0001fb58 vaddr=3fc93000 size=004c0h (  1216) load[0m
[0;32mI (112) esp_image: segment 2: paddr=00020020 vaddr=42000020 size=1c800h (116736) map[0m
[0;32mI (137) esp_image: segment 3: paddr=0003c828 vaddr=3fc934c0 size=0272ch ( 10028) load[0m
[0;32mI (140) esp_image: segment 4: paddr=0003ef5c vaddr=40374000 size=0efb0h ( 61360) load[0m
[0;32mI (163) boot: Loaded app from partition at offset 0x10000[0m
[0;32mI (163) boot: Disabling RNG early entropy source...[0m
[0;32mI (175) esp_psram: Found 2MB PSRAM device[0m
[0;32mI (175) esp_psram: Speed: 80MHz[0m
[0;32mI (175) cpu_start: Multicore app[0m
[0;32mI (406) esp_psram: SPI SRAM memory test OK[0m
[0;32mI (415) cpu_start: Pro cpu start user code[0m
[0;32mI (415) cpu_start: cpu freq: 240000000 Hz[0m
[0;32mI (415) app_init: Application information:[0m
[0;32mI (418) app_init: Project name:     espnow_example[0m
[0;32mI (423) app_init: App version:      b85be72-dirty[0m
[0;32mI (429) app_init: Compile time:     Jan  1 2026 12:09:57[0m
[0;32mI (435) app_init: ELF file SHA256:  617c284c3...[0m
[0;32mI (440) app_init: ESP-IDF:          v5.3[0m
[0;32mI (444) efuse_init: Min chip rev:     v0.0[0m
[0;32mI (449) efuse_init: Max chip rev:     v0.99 [0m
[0;32mI (454) efuse_init: Chip rev:         v0.2[0m
[0;32mI (459) heap_init: Initializing. RAM available for dynamic allocation:[0m
[0;32mI (466) heap_init: At 3FCADC10 len 0003BB00 (238 KiB): RAM[0m
[0;32mI (472) heap_init: At 3FCE9710 len 00005724 (21 KiB): RAM[0m
[0;32mI (478) heap_init: At 3FCF0000 len 00008000 (32 KiB): DRAM[0m
[0;32mI (485) heap_init: At 600FE100 len 00001EE8 (7 KiB): RTCRAM[0m
[0;32mI (491) esp_psram: Adding pool of 2048K of PSRAM memory to heap allocator[0m
[0;32mI (499) spi_flash: detected chip: generic[0m
[0;32mI (503) spi_flash: flash io: dio[0m
[0;33mW (507) spi_flash: Detected size(4096k) larger than the size in the binary image header(2048k). Using the size in the binary image header.[0m
[0;32mI (520) sleep: Configure to isolate all GPIO pins in sleep state[0m
[0;32mI (527) sleep: Enable automatic switching of GPIO sleep configuration[0m
[0;32mI (534) main_task: Started on CPU0[0m
[0;32mI (538) esp_psram: Reserving pool of 32K of internal memory for DMA/internal allocations[0m
[0;32mI (547) main_task: Calling app_main()[0m
[0;32mI (551) receiver: Starting Benchmark Application...[0m
[0;32mI (562) receiver: Config Loaded: DShot A=13, B=14, LED=48[0m
[0;32mI (563) main_task: Returned from app_main()[0m
[0;32mI (563) receiver: Starting Benchmark Task with 2212 samples...[0m
[0;32mI (1574) receiver: --- Starting New Benchmark Run ---[0m
[0;32mI (1574) receiver: Format: BENCH: Lag, Error, TimeUS[0m
[0;32mI (1678) receiver: Sample 1030 | TS: 818158527 | RSSI: -62[0m
BENCH: 200, 983, 46
BENCH: 205, 1002, 41
BENCH: 210, 1014, 41
BENCH: 215, 1027, 41
BENCH: 220, 1039, 41
BENCH: 225, 1047, 41
BENCH: 230, 1053, 41
BENCH: 235, 1056, 41
BENCH: 240, 1055, 41
BENCH: 245, 1050, 41
BENCH: 250, 1042, 41
BENCH: 255, 1032, 41
BENCH: 260, 1022, 46
BENCH: 265, 1013, 41
BENCH: 270, 1006, 41
BENCH: 275, 999, 41
BENCH: 280, 988, 41
BENCH: 285, 987, 41
BENCH: 290, 986, 41
BENCH: 295, 985, 41
BENCH: 300, 984, 40
BENCH: 305, 977, 41
BENCH: 310, 974, 41
BENCH: 315, 970, 40
BENCH: 320, 962, 41
BENCH: 325, 953, 41
BENCH: 330, 946, 41
BENCH: 335, 938, 41
BENCH: 340, 931, 41
BENCH: 345, 920, 41
BENCH: 350, 905, 41
BENCH: 355, 888, 40
BENCH: 360, 877, 41
BENCH: 365, 870, 41
